// Jest Snapshot v1, https://goo.gl/fbAQLP

exports[`DungeonCard DungeonListItem renders complex prize lists 1`] = `
<li
  className=""
>
  <div
    data-for="dungeon-item-15048601"
    data-tip={true}
  >
    Tyranny of the Impure, Part 1
    <p
      className="details"
    >
      <span>
        Difficulty 
        240
      </span>
      <span>
        Stamina 
        1
      </span>
    </p>
  </div>
  <div
    className="__react_component_tooltip place-top type-dark "
    data-id="tooltip"
    id="dungeon-item-15048601"
  >
    <ul
      className="component"
    >
      <li
        data-for={undefined}
        data-tip={undefined}
      >
        <img
          height={32}
          src="http://ffrk.denagames.com/dff/static/lang/ww/compile/en/image/common_item/95001020.png"
          width={32}
        />
        Memory Crystal III Lode
         ×
        1
      </li>
      <li
        data-for={undefined}
        data-tip={undefined}
      >
        <img
          height={32}
          src="http://ffrk.denagames.com/dff/static/lang/ww/compile/en/image/common_item/92000000.png"
          width={32}
        />
        Gil
         ×
        100000
      </li>
      <li
        data-for={undefined}
        data-tip={undefined}
      >
        <img
          height={32}
          src="http://ffrk.denagames.com/dff/static/lang/ww/compile/en/image/common_item/91000000.png"
          width={32}
        />
        Mythril
         ×
        1
      </li>
    </ul>
    <ul
      className="component"
    >
      <li
        data-for={undefined}
        data-tip={undefined}
      >
        <img
          height={32}
          src="http://ffrk.denagames.com/dff/static/lang/ww/compile/en/image/common_item/95001020.png"
          width={32}
        />
        Memory Crystal III Lode
         ×
        1
      </li>
      <li
        data-for={undefined}
        data-tip={undefined}
      >
        <img
          height={32}
          src="http://ffrk.denagames.com/dff/static/lang/ww/compile/en/image/ability_material/40000066/40000066_112.png"
          width={32}
        />
        Power Crystal
         ×
        2
      </li>
      <li
        data-for={undefined}
        data-tip={undefined}
      >
        <img
          height={32}
          src="http://ffrk.denagames.com/dff/static/lang/ww/compile/en/image/common_item/92000000.png"
          width={32}
        />
        Gil
         ×
        100000
      </li>
    </ul>
    <ul
      className="component"
    >
      <li
        data-for={undefined}
        data-tip={undefined}
      >
        <img
          height={32}
          src="http://ffrk.denagames.com/dff/static/lang/ww/compile/en/image/common_item/95001080.png"
          width={32}
        />
        Record Rubies
         ×
        20
      </li>
      <li
        data-for={undefined}
        data-tip={undefined}
      >
        <img
          height={32}
          src="http://ffrk.denagames.com/dff/static/lang/ww/compile/en/image/common_item/92000000.png"
          width={32}
        />
        Gil
         ×
        100000
      </li>
      <li
        data-for={undefined}
        data-tip={undefined}
      >
        <img
          height={32}
          src="http://ffrk.denagames.com/dff/static/lang/ww/compile/en/image/sphere_material/130300300/130300300_112.png"
          width={32}
        />
        Vitality Mote (5★)
         ×
        30
      </li>
      <li
        data-for={undefined}
        data-tip={undefined}
      >
        <img
          height={32}
          src="http://ffrk.denagames.com/dff/static/lang/ww/compile/en/image/common_item/92000000.png"
          width={32}
        />
        Gil
         ×
        100000
      </li>
      <li
        data-for={undefined}
        data-tip={undefined}
      >
        <img
          height={32}
          src="http://ffrk.denagames.com/dff/static/lang/ww/compile/en/image/sphere_material/130300300/130300300_112.png"
          width={32}
        />
        Vitality Mote (5★)
         ×
        30
      </li>
      <li
        data-for={undefined}
        data-tip={undefined}
      >
        <img
          height={32}
          src="http://ffrk.denagames.com/dff/static/lang/ww/compile/en/image/common_item/95001080.png"
          width={32}
        />
        Record Rubies
         ×
        20
      </li>
      <li
        data-for={undefined}
        data-tip={undefined}
      >
        <img
          height={32}
          src="http://ffrk.denagames.com/dff/static/lang/ww/compile/en/image/ability_material/40000060/40000060_112.png"
          width={32}
        />
        Major Holy Orb
         ×
        7
      </li>
      <li
        data-for={undefined}
        data-tip={undefined}
      >
        <img
          height={32}
          src="http://ffrk.denagames.com/dff/static/lang/ww/compile/en/image/sphere_material/130300300/130300300_112.png"
          width={32}
        />
        Vitality Mote (5★)
         ×
        30
      </li>
      <li
        data-for={undefined}
        data-tip={undefined}
      >
        <img
          height={32}
          src="http://ffrk.denagames.com/dff/static/lang/ww/compile/en/image/ability_material/40000060/40000060_112.png"
          width={32}
        />
        Major Holy Orb
         ×
        2
      </li>
      <li
        data-for={undefined}
        data-tip={undefined}
      >
        <img
          height={32}
          src="http://ffrk.denagames.com/dff/static/lang/ww/compile/en/image/sphere_material/130400200/130400200_112.png"
          width={32}
        />
        Wisdom Mote (4★)
         ×
        30
      </li>
      <li
        data-for={undefined}
        data-tip={undefined}
      >
        <img
          height={32}
          src="http://ffrk.denagames.com/dff/static/lang/ww/compile/en/image/sphere_material/130300300/130300300_112.png"
          width={32}
        />
        Vitality Mote (5★)
         ×
        5
      </li>
    </ul>
  </div>
</li>
`;
