// Jest Snapshot v1, https://goo.gl/fbAQLP

exports[`gacha proxy handler exchange_shop/prize_list converts Dream Selection lists 1`] = `
Array [
  Object {
    "payload": Object {
      "exchangeShopId": "88",
      "selections": Array [
        Array [
          21002299,
        ],
        Array [
          22054079,
        ],
        Array [
          21002339,
        ],
        Array [
          21009065,
        ],
        Array [
          21004042,
        ],
        Array [
          22053257,
        ],
        Array [
          22055070,
        ],
        Array [
          21002243,
        ],
        Array [
          21010055,
        ],
        Array [
          21004049,
        ],
        Array [
          21006084,
        ],
        Array [
          21009082,
        ],
        Array [
          22055083,
        ],
        Array [
          21006092,
        ],
        Array [
          21007092,
        ],
        Array [
          21008156,
        ],
        Array [
          21003069,
        ],
        Array [
          21009104,
        ],
        Array [
          21007107,
        ],
        Array [
          21004047,
        ],
        Array [
          21001111,
        ],
        Array [
          21002209,
        ],
        Array [
          21009100,
        ],
        Array [
          21009110,
        ],
        Array [
          21008173,
        ],
        Array [
          22052047,
        ],
        Array [
          21002177,
        ],
        Array [
          22050057,
        ],
        Array [
          21006082,
        ],
        Array [
          21012022,
        ],
        Array [
          21010051,
        ],
        Array [
          21011025,
        ],
        Array [
          21008140,
        ],
        Array [
          21009095,
        ],
        Array [
          21003035,
        ],
        Array [
          21004034,
        ],
        Array [
          21002292,
        ],
        Array [
          21001130,
        ],
        Array [
          22053158,
        ],
        Array [
          21008189,
        ],
        Array [
          21005022,
        ],
        Array [
          21003047,
        ],
        Array [
          22056086,
        ],
        Array [
          21001039,
        ],
        Array [
          21001123,
        ],
        Array [
          21010039,
        ],
        Array [
          22053126,
        ],
        Array [
          21002248,
        ],
        Array [
          21008136,
        ],
        Array [
          21012023,
        ],
        Array [
          21002298,
        ],
        Array [
          21002297,
        ],
        Array [
          21002238,
        ],
        Array [
          21001109,
        ],
        Array [
          21001119,
        ],
        Array [
          21002337,
        ],
        Array [
          21011035,
        ],
        Array [
          21008172,
        ],
        Array [
          21015045,
        ],
        Array [
          21007113,
        ],
        Array [
          21003048,
        ],
        Array [
          21003055,
        ],
        Array [
          21013047,
        ],
        Array [
          21008087,
        ],
        Array [
          22053288,
        ],
        Array [
          21002233,
        ],
        Array [
          22056126,
        ],
        Array [
          21002090,
        ],
        Array [
          21032010,
        ],
        Array [
          21007074,
        ],
        Array [
          22056055,
        ],
        Array [
          21008113,
        ],
        Array [
          21008197,
        ],
        Array [
          22031008,
        ],
        Array [
          21013039,
        ],
        Array [
          21013060,
        ],
        Array [
          21011024,
        ],
        Array [
          21015058,
        ],
        Array [
          21002168,
        ],
        Array [
          22053262,
        ],
        Array [
          21003073,
        ],
        Array [
          21006095,
        ],
        Array [
          21008107,
        ],
        Array [
          21002400,
        ],
        Array [
          21002306,
        ],
        Array [
          21013067,
        ],
        Array [
          21007078,
        ],
        Array [
          21008123,
        ],
        Array [
          21015046,
        ],
        Array [
          21002212,
        ],
        Array [
          21002319,
        ],
        Array [
          21015047,
        ],
        Array [
          21013042,
        ],
        Array [
          21013068,
        ],
        Array [
          21002309,
        ],
        Array [
          21003070,
        ],
        Array [
          21008101,
        ],
        Array [
          21009112,
        ],
        Array [
          21002161,
        ],
        Array [
          21006102,
        ],
        Array [
          21006068,
        ],
        Array [
          21011008,
        ],
        Array [
          21007053,
        ],
        Array [
          21002265,
        ],
        Array [
          22053269,
        ],
        Array [
          21030009,
        ],
        Array [
          21008137,
        ],
        Array [
          21008147,
        ],
        Array [
          21030006,
        ],
        Array [
          21034006,
        ],
        Array [
          22056141,
        ],
        Array [
          21007046,
        ],
        Array [
          21007081,
        ],
        Array [
          21003078,
        ],
        Array [
          21003026,
        ],
        Array [
          22053277,
        ],
        Array [
          21030012,
        ],
        Array [
          21009106,
        ],
        Array [
          21002206,
        ],
        Array [
          21008190,
        ],
        Array [
          21009071,
        ],
        Array [
          21002189,
        ],
        Array [
          21001101,
        ],
        Array [
          21009103,
        ],
        Array [
          21003064,
        ],
        Array [
          21003065,
        ],
        Array [
          21015054,
        ],
        Array [
          21010052,
        ],
        Array [
          21010057,
        ],
        Array [
          21005018,
        ],
        Array [
          22050077,
        ],
        Array [
          21002207,
        ],
        Array [
          22053170,
        ],
        Array [
          21002279,
        ],
        Array [
          22053287,
        ],
        Array [
          21002074,
        ],
        Array [
          21002355,
        ],
        Array [
          21002102,
        ],
        Array [
          21007106,
        ],
        Array [
          21008171,
        ],
        Array [
          21009056,
        ],
        Array [
          21015041,
        ],
        Array [
          21013031,
        ],
        Array [
          21006076,
        ],
        Array [
          21010048,
        ],
        Array [
          21007122,
        ],
        Array [
          21002253,
        ],
        Array [
          21012025,
        ],
        Array [
          21009098,
        ],
        Array [
          21007105,
        ],
        Array [
          21014010,
        ],
        Array [
          21002270,
        ],
        Array [
          21015066,
        ],
        Array [
          21008174,
        ],
        Array [
          22050081,
        ],
        Array [
          21006108,
        ],
        Array [
          21002323,
        ],
        Array [
          21001134,
        ],
        Array [
          21015064,
        ],
        Array [
          21013070,
        ],
        Array [
          22056193,
        ],
        Array [
          21003042,
        ],
        Array [
          21002386,
        ],
        Array [
          21002303,
        ],
        Array [
          21002262,
        ],
        Array [
          21001113,
        ],
        Array [
          21009108,
        ],
        Array [
          21015061,
        ],
        Array [
          21002351,
        ],
        Array [
          21004040,
        ],
        Array [
          21008163,
        ],
        Array [
          21008164,
        ],
        Array [
          22053254,
        ],
        Array [
          21002330,
        ],
        Array [
          21009114,
        ],
        Array [
          21009120,
        ],
        Array [
          21013062,
        ],
        Array [
          21011031,
        ],
        Array [
          21006103,
        ],
        Array [
          21002343,
        ],
        Array [
          21001105,
        ],
        Array [
          21002341,
        ],
        Array [
          21015076,
        ],
        Array [
          21005032,
        ],
        Array [
          21012032,
        ],
        Array [
          21004056,
        ],
        Array [
          21002281,
        ],
        Array [
          21008153,
        ],
        Array [
          21014013,
        ],
        Array [
          22053163,
        ],
        Array [
          21014014,
        ],
      ],
    },
    "type": "SET_EXCHANGE_SHOP_SELECTIONS",
  },
]
`;
